Frontend-Backend Integration - Final Verification
================================================
Date: October 12, 2025

Services Running:
- Backend: http://localhost:8080
- Frontend: http://localhost:3000

Test Results:
=============

1. UI Interaction Test
   ✓ Added "Library Card" barcode via frontend UI
   ✓ Added "Gym Membership" barcode via frontend UI
   ✓ Both barcodes visible in frontend UI

2. Backend Storage Verification
   Command: curl http://localhost:8080/barcodes
   Response:
   [
     {
       "name": "Library Card",
       "data": "555123456789"
     },
     {
       "name": "Gym Membership",
       "data": "987654321"
     }
   ]
   
   ✓ Both barcodes stored in backend memory

3. Data Persistence
   ✓ Data added via frontend is immediately available in backend
   ✓ Backend returns data in correct JSON format
   ✓ Frontend correctly displays data from backend

Summary:
========
✓ Frontend successfully connected to backend API
✓ All CRUD operations working correctly:
  - CREATE: POST /api/barcodes
  - READ: GET /api/barcodes  
  - DELETE: DELETE /api/barcodes/{name}
✓ Vite proxy correctly forwards /api requests to backend
✓ Data persists in backend memory store
✓ No errors in browser console or backend logs

Integration Complete!
The frontend now stores all data in the backend services as requested.
